2026-06-05T13:17:25	20260605-131725-7c6191	deploy	deploy	OK	9d766f1f-50c6-4668-bb17-eabebe25e8a7	loaded transaction metadata
2026-06-05T13:17:25	20260605-131725-bd6e4f	list	list	OK	9d766f1f-50c6-4668-bb17-eabebe25e8a7	list returned rows
2026-06-05T13:17:27	20260605-131727-83479d	resolve_defaults	resolve_defaults	OK	9d766f1f-50c6-4668-bb17-eabebe25e8a7	resolved default values
2026-06-05T13:17:31	20260605-131731-a37658	lookup	lookup	OK	9d766f1f-50c6-4668-bb17-eabebe25e8a7	lookup returned rows
2026-06-05T13:17:31	20260605-131731-10b267	lookup	lookup	OK	9d766f1f-50c6-4668-bb17-eabebe25e8a7	lookup returned rows
2026-06-05T13:17:36	20260605-131736-b27bde	lookup	lookup	OK	9d766f1f-50c6-4668-bb17-eabebe25e8a7	lookup returned rows
2026-06-05T13:17:36	20260605-131736-031307	lookup	lookup	OK	9d766f1f-50c6-4668-bb17-eabebe25e8a7	lookup returned rows
2026-06-05T13:17:39	20260605-131739-818346	lookup	lookup	OK	9d766f1f-50c6-4668-bb17-eabebe25e8a7	lookup returned rows
2026-06-05T13:17:40	20260605-131740-eef4d7	lookup	lookup	OK	9d766f1f-50c6-4668-bb17-eabebe25e8a7	lookup returned rows
2026-06-05T13:17:43	20260605-131743-e88092	lookup	lookup	OK	9d766f1f-50c6-4668-bb17-eabebe25e8a7	lookup returned rows
2026-06-05T13:17:44	20260605-131744-254619	lookup	lookup	OK	9d766f1f-50c6-4668-bb17-eabebe25e8a7	lookup returned rows
2026-06-05T13:17:48	20260605-131748-298912	lookup	lookup	OK	9d766f1f-50c6-4668-bb17-eabebe25e8a7	lookup returned rows
2026-06-05T13:17:48	20260605-131748-f3145b	lookup	lookup	OK	9d766f1f-50c6-4668-bb17-eabebe25e8a7	lookup returned rows
2026-06-05T13:18:10	20260605-131810-b23e54	execute	save	OK	9d766f1f-50c6-4668-bb17-eabebe25e8a7	save ok
2026-06-05T13:18:10	20260605-131810-ee83c9	list	list	OK	9d766f1f-50c6-4668-bb17-eabebe25e8a7	list returned rows
2026-06-05T13:18:14	20260605-131814-f82fa2	reset	reset	OK	9d766f1f-50c6-4668-bb17-eabebe25e8a7	preview data truncated
2026-06-05T13:18:14	20260605-131814-9fac85	list	list	OK	9d766f1f-50c6-4668-bb17-eabebe25e8a7	list returned rows
2026-06-17T10:06:32	20260617-100632-b00cce	deploy	deploy	OK	9d766f1f-50c6-4668-bb17-eabebe25e8a7	loaded transaction metadata
2026-06-17T10:06:32	20260617-100632-1375e7	list	list	OK	9d766f1f-50c6-4668-bb17-eabebe25e8a7	list returned rows
2026-06-17T10:06:33	20260617-100633-f0e18a	resolve_defaults	resolve_defaults	OK	9d766f1f-50c6-4668-bb17-eabebe25e8a7	resolved default values
2026-06-17T10:06:51	20260617-100651-d0852c	deploy	deploy	OK	9d766f1f-50c6-4668-bb17-eabebe25e8a7	loaded transaction metadata
2026-06-17T10:06:51	20260617-100651-023def	list	list	OK	9d766f1f-50c6-4668-bb17-eabebe25e8a7	list returned rows
2026-06-17T10:07:51	20260617-100751-a66af2	resolve_defaults	resolve_defaults	OK	9d766f1f-50c6-4668-bb17-eabebe25e8a7	resolved default values
2026-06-17T10:08:07	20260617-100807-83dbd1	deploy	deploy	OK	9d766f1f-50c6-4668-bb17-eabebe25e8a7	loaded transaction metadata
2026-06-17T10:08:07	20260617-100807-efcce8	list	list	OK	9d766f1f-50c6-4668-bb17-eabebe25e8a7	list returned rows
2026-06-17T10:08:09	20260617-100809-c5d010	resolve_defaults	resolve_defaults	OK	9d766f1f-50c6-4668-bb17-eabebe25e8a7	resolved default values
2026-06-17T10:09:05	20260617-100905-31e17e	deploy	deploy	OK	9d766f1f-50c6-4668-bb17-eabebe25e8a7	loaded transaction metadata
2026-06-17T10:09:05	20260617-100905-b5073f	list	list	OK	9d766f1f-50c6-4668-bb17-eabebe25e8a7	list returned rows
2026-06-17T10:09:08	20260617-100908-c2a99a	resolve_defaults	resolve_defaults	OK	9d766f1f-50c6-4668-bb17-eabebe25e8a7	resolved default values
