=== preview run 20260624-145741-4f71e0 ===
kind=execute_batch action=save_batch user=9d766f1f-50c6-4668-bb17-eabebe25e8a7
started=2026-06-24T14:57:41
project=repm
obj=repm_action_point
payload_keys=
  ┌─ TRACEBACK
      Traceback (most recent call last):
        File "/Users/kandarpbaghar/ai-projects/twasta.ai/backend/app/services/preview_logging.py", line 149, in run
          yield run
        File "/Users/kandarpbaghar/ai-projects/twasta.ai/backend/app/routers/livepreview.py", line 835, in _do
          result = executor.execute_transaction_batch(
                   ^^^^^^^^^^^^^^^^^^^^^^^^^^^^^^^^^^^
        File "/Users/kandarpbaghar/ai-projects/twasta.ai/backend/app/services/livepreview/executor.py", line 65, in execute_transaction_batch
          return _pkg_execute_transaction_batch(
                 ^^^^^^^^^^^^^^^^^^^^^^^^^^^^^^^
        File "/Users/kandarpbaghar/ai-projects/twasta.ai/packages/runtime-engine/twasta_runtime_engine/executor.py", line 86, in wrapper
          return fn(*args, **kwargs)
                 ^^^^^^^^^^^^^^^^^^^
        File "/Users/kandarpbaghar/ai-projects/twasta.ai/packages/runtime-engine/twasta_runtime_engine/executor.py", line 5446, in execute_transaction_batch
          h_txn, h_header = _save_form_row(
                            ^^^^^^^^^^^^^^^
        File "/Users/kandarpbaghar/ai-projects/twasta.ai/packages/runtime-engine/twasta_runtime_engine/executor.py", line 5362, in _save_form_row
          res = _insert(
                ^^^^^^^^
        File "/Users/kandarpbaghar/ai-projects/twasta.ai/packages/runtime-engine/twasta_runtime_engine/executor.py", line 2917, in _insert
          raise ValidationFailed(blocking)
      twasta_runtime_engine.executor.ValidationFailed: 1 validation error(s): assigned_emp_code: Validation could not run: business-logic function 'validate_active_employee' is not deployed (no compiled function body found).
  └─
finished=2026-06-24T14:57:41 status=ERROR
