2026-06-05T12:49:49	20260605-124949-5a58f5	deploy	deploy	OK	9d766f1f-50c6-4668-bb17-eabebe25e8a7	loaded transaction metadata
2026-06-05T12:49:49	20260605-124949-795f2d	list	list	OK	9d766f1f-50c6-4668-bb17-eabebe25e8a7	list returned rows
2026-06-05T12:50:03	20260605-125003-7f42e6	deploy	deploy	OK	9d766f1f-50c6-4668-bb17-eabebe25e8a7	loaded transaction metadata
2026-06-05T12:50:03	20260605-125003-04a626	list	list	OK	9d766f1f-50c6-4668-bb17-eabebe25e8a7	list returned rows
2026-06-05T12:50:03	20260605-125003-97e596	list	list	OK	9d766f1f-50c6-4668-bb17-eabebe25e8a7	list returned rows
2026-06-05T12:50:23	20260605-125023-89ee2c	deploy	deploy	OK	9d766f1f-50c6-4668-bb17-eabebe25e8a7	loaded transaction metadata
2026-06-05T12:50:23	20260605-125023-a25da6	list	list	OK	9d766f1f-50c6-4668-bb17-eabebe25e8a7	list returned rows
2026-06-05T12:50:23	20260605-125023-64c09f	list	list	OK	9d766f1f-50c6-4668-bb17-eabebe25e8a7	list returned rows
2026-06-05T12:50:35	20260605-125035-f4c48e	list	list	OK	9d766f1f-50c6-4668-bb17-eabebe25e8a7	list returned rows
2026-06-05T12:50:35	20260605-125035-c5231b	list	list	OK	9d766f1f-50c6-4668-bb17-eabebe25e8a7	list returned rows
2026-06-05T12:50:45	20260605-125045-2b22d2	list	list	OK	9d766f1f-50c6-4668-bb17-eabebe25e8a7	list returned rows
2026-06-05T12:50:53	20260605-125053-776719	load	load	OK	9d766f1f-50c6-4668-bb17-eabebe25e8a7	-
2026-06-05T12:51:14	20260605-125114-43aa7b	execute	save	OK	9d766f1f-50c6-4668-bb17-eabebe25e8a7	save ok
2026-06-05T12:51:14	20260605-125114-20624b	list	list	OK	9d766f1f-50c6-4668-bb17-eabebe25e8a7	list returned rows
2026-06-05T12:55:43	20260605-125543-fbad8a	deploy	deploy	OK	9d766f1f-50c6-4668-bb17-eabebe25e8a7	loaded transaction metadata
2026-06-05T12:55:43	20260605-125543-6f084d	list	list	OK	9d766f1f-50c6-4668-bb17-eabebe25e8a7	list returned rows
2026-06-05T12:55:52	20260605-125552-6e7eec	deploy	deploy	OK	9d766f1f-50c6-4668-bb17-eabebe25e8a7	loaded transaction metadata
2026-06-05T12:55:52	20260605-125552-a3cb7b	list	list	OK	9d766f1f-50c6-4668-bb17-eabebe25e8a7	list returned rows
2026-06-05T12:55:52	20260605-125552-25742f	list	list	OK	9d766f1f-50c6-4668-bb17-eabebe25e8a7	list returned rows
2026-06-05T13:25:40	20260605-132540-bff1e7	deploy	deploy	OK	9d766f1f-50c6-4668-bb17-eabebe25e8a7	loaded transaction metadata
2026-06-05T13:25:40	20260605-132540-58a976	list	list	OK	9d766f1f-50c6-4668-bb17-eabebe25e8a7	list returned rows
2026-06-05T13:28:12	20260605-132812-16d8e2	deploy	deploy	OK	9d766f1f-50c6-4668-bb17-eabebe25e8a7	loaded transaction metadata
2026-06-05T13:28:12	20260605-132812-57b141	list	list	OK	9d766f1f-50c6-4668-bb17-eabebe25e8a7	list returned rows
2026-06-07T16:55:27	20260607-165527-6fcc48	deploy	deploy	OK	9d766f1f-50c6-4668-bb17-eabebe25e8a7	loaded transaction metadata
2026-06-07T16:55:27	20260607-165527-2bb97f	list	list	OK	9d766f1f-50c6-4668-bb17-eabebe25e8a7	list returned rows
2026-06-07T16:55:32	20260607-165532-70e25b	list	list	OK	9d766f1f-50c6-4668-bb17-eabebe25e8a7	list returned rows
2026-06-07T16:58:54	20260607-165854-61166a	list	list	OK	9d766f1f-50c6-4668-bb17-eabebe25e8a7	list returned rows
2026-06-07T17:03:13	20260607-170313-f4c1d3	list	list	OK	9d766f1f-50c6-4668-bb17-eabebe25e8a7	list returned rows
2026-06-07T17:03:54	20260607-170354-b8ca18	list	list	OK	9d766f1f-50c6-4668-bb17-eabebe25e8a7	list returned rows
2026-06-07T17:03:57	20260607-170357-ffccd9	list	list	OK	9d766f1f-50c6-4668-bb17-eabebe25e8a7	list returned rows
2026-06-07T17:41:17	20260607-174117-7ea4c1	deploy	deploy	OK	9d766f1f-50c6-4668-bb17-eabebe25e8a7	loaded transaction metadata
2026-06-07T17:41:17	20260607-174117-2f19fa	list	list	OK	9d766f1f-50c6-4668-bb17-eabebe25e8a7	list returned rows
2026-06-07T17:41:44	20260607-174144-c1bbb2	list	list	OK	9d766f1f-50c6-4668-bb17-eabebe25e8a7	list returned rows
2026-06-07T17:42:10	20260607-174210-fde754	list	list	OK	9d766f1f-50c6-4668-bb17-eabebe25e8a7	list returned rows
2026-06-07T17:43:07	20260607-174307-7a293a	list	list	OK	9d766f1f-50c6-4668-bb17-eabebe25e8a7	list returned rows
2026-06-07T17:43:32	20260607-174332-cd27c7	list	list	OK	9d766f1f-50c6-4668-bb17-eabebe25e8a7	list returned rows
2026-06-07T17:44:39	20260607-174439-81a4e0	deploy	deploy	OK	9d766f1f-50c6-4668-bb17-eabebe25e8a7	loaded transaction metadata
2026-06-07T17:44:39	20260607-174439-0d6a78	list	list	OK	9d766f1f-50c6-4668-bb17-eabebe25e8a7	list returned rows
2026-06-07T17:44:53	20260607-174453-01f75d	list	list	OK	9d766f1f-50c6-4668-bb17-eabebe25e8a7	list returned rows
2026-06-07T17:45:11	20260607-174511-6f64b7	list	list	OK	9d766f1f-50c6-4668-bb17-eabebe25e8a7	list returned rows
2026-06-07T17:45:58	20260607-174558-8a1c07	list	list	OK	9d766f1f-50c6-4668-bb17-eabebe25e8a7	list returned rows
2026-06-07T17:46:15	20260607-174615-de8996	list	list	OK	9d766f1f-50c6-4668-bb17-eabebe25e8a7	list returned rows
2026-06-07T17:46:24	20260607-174624-7ce8ae	list	list	OK	9d766f1f-50c6-4668-bb17-eabebe25e8a7	list returned rows
2026-06-07T17:56:50	20260607-175650-585211	deploy	deploy	OK	9d766f1f-50c6-4668-bb17-eabebe25e8a7	loaded transaction metadata
2026-06-07T17:56:50	20260607-175650-0a26b5	list	list	OK	9d766f1f-50c6-4668-bb17-eabebe25e8a7	list returned rows
2026-06-07T17:57:11	20260607-175711-d03dd4	list	list	OK	9d766f1f-50c6-4668-bb17-eabebe25e8a7	list returned rows
2026-06-07T17:58:42	20260607-175842-2c2b6f	list	list	OK	9d766f1f-50c6-4668-bb17-eabebe25e8a7	list returned rows
2026-06-07T18:00:10	20260607-180010-2d2e2c	list	list	OK	9d766f1f-50c6-4668-bb17-eabebe25e8a7	list returned rows
2026-06-07T18:00:27	20260607-180027-1a7087	list	list	OK	9d766f1f-50c6-4668-bb17-eabebe25e8a7	list returned rows
2026-06-07T18:02:56	20260607-180256-344786	list	list	OK	9d766f1f-50c6-4668-bb17-eabebe25e8a7	list returned rows
2026-06-07T18:03:15	20260607-180315-525c9c	list	list	OK	9d766f1f-50c6-4668-bb17-eabebe25e8a7	list returned rows
2026-06-07T18:03:59	20260607-180359-203fbb	list	list	OK	9d766f1f-50c6-4668-bb17-eabebe25e8a7	list returned rows
2026-06-07T18:04:51	20260607-180451-b0ba8c	list	list	OK	9d766f1f-50c6-4668-bb17-eabebe25e8a7	list returned rows
2026-06-07T18:20:44	20260607-182044-de7f78	deploy	deploy	OK	9d766f1f-50c6-4668-bb17-eabebe25e8a7	loaded transaction metadata
2026-06-07T18:20:44	20260607-182044-eae6c1	list	list	OK	9d766f1f-50c6-4668-bb17-eabebe25e8a7	list returned rows
2026-06-07T18:22:30	20260607-182230-5bc087	list	list	OK	9d766f1f-50c6-4668-bb17-eabebe25e8a7	list returned rows
2026-06-07T19:51:59	20260607-195159-1237aa	deploy	deploy	OK	9d766f1f-50c6-4668-bb17-eabebe25e8a7	loaded transaction metadata
2026-06-07T19:51:59	20260607-195159-080021	list	list	OK	9d766f1f-50c6-4668-bb17-eabebe25e8a7	list returned rows
2026-06-07T19:53:39	20260607-195339-5fe822	list	list	OK	9d766f1f-50c6-4668-bb17-eabebe25e8a7	list returned rows
2026-06-07T19:54:37	20260607-195437-5be760	list	list	OK	9d766f1f-50c6-4668-bb17-eabebe25e8a7	list returned rows
2026-06-07T19:55:53	20260607-195553-6dcf13	list	list	OK	9d766f1f-50c6-4668-bb17-eabebe25e8a7	list returned rows
2026-06-07T19:57:06	20260607-195706-3cbe31	list	list	OK	9d766f1f-50c6-4668-bb17-eabebe25e8a7	list returned rows
2026-06-07T19:57:19	20260607-195719-2548fd	list	list	OK	9d766f1f-50c6-4668-bb17-eabebe25e8a7	list returned rows
2026-06-09T22:39:15	20260609-223915-62e075	deploy	deploy	OK	9d766f1f-50c6-4668-bb17-eabebe25e8a7	loaded transaction metadata
2026-06-09T22:39:15	20260609-223915-e57eb1	list	list	OK	9d766f1f-50c6-4668-bb17-eabebe25e8a7	list returned rows
2026-06-17T09:12:08	20260617-091208-f25610	deploy	deploy	WARN	9d766f1f-50c6-4668-bb17-eabebe25e8a7	deployed with 1 warning(s): repm_project: loc_code: dropped NOT NULL — column is no longer in the model (was blocking inserts).
2026-06-17T09:12:08	20260617-091208-6ee88a	list	list	OK	9d766f1f-50c6-4668-bb17-eabebe25e8a7	list returned rows
2026-06-17T09:14:59	20260617-091459-4a8a70	deploy	deploy	OK	9d766f1f-50c6-4668-bb17-eabebe25e8a7	loaded transaction metadata
2026-06-17T09:14:59	20260617-091459-eee0a1	list	list	OK	9d766f1f-50c6-4668-bb17-eabebe25e8a7	list returned rows
2026-06-17T09:15:29	20260617-091529-c43b5b	deploy	deploy	OK	9d766f1f-50c6-4668-bb17-eabebe25e8a7	loaded transaction metadata
2026-06-17T09:15:29	20260617-091529-0d2a1c	list	list	OK	9d766f1f-50c6-4668-bb17-eabebe25e8a7	list returned rows
2026-06-17T09:15:29	20260617-091529-7e203a	list	list	OK	9d766f1f-50c6-4668-bb17-eabebe25e8a7	list returned rows
2026-06-17T10:04:40	20260617-100440-b55197	deploy	deploy	OK	9d766f1f-50c6-4668-bb17-eabebe25e8a7	loaded transaction metadata
2026-06-17T10:04:40	20260617-100440-5a6713	list	list	OK	9d766f1f-50c6-4668-bb17-eabebe25e8a7	list returned rows
2026-06-17T10:09:42	20260617-100942-041312	deploy	deploy	OK	9d766f1f-50c6-4668-bb17-eabebe25e8a7	loaded transaction metadata
2026-06-17T10:09:43	20260617-100942-7cf8da	list	list	OK	9d766f1f-50c6-4668-bb17-eabebe25e8a7	list returned rows
2026-06-17T10:58:20	20260617-105820-c8096f	deploy	deploy	OK	9d766f1f-50c6-4668-bb17-eabebe25e8a7	loaded transaction metadata
2026-06-17T10:58:20	20260617-105820-8909d3	list	list	OK	9d766f1f-50c6-4668-bb17-eabebe25e8a7	list returned rows
2026-06-17T11:04:33	20260617-110433-019aea	deploy	deploy	OK	9d766f1f-50c6-4668-bb17-eabebe25e8a7	loaded transaction metadata
2026-06-17T11:04:33	20260617-110433-14d65f	list	list	OK	9d766f1f-50c6-4668-bb17-eabebe25e8a7	list returned rows
2026-06-21T04:11:21	20260621-041121-be3e06	deploy	deploy	OK	9d766f1f-50c6-4668-bb17-eabebe25e8a7	loaded transaction metadata
2026-06-21T04:11:21	20260621-041121-2c91c3	list	list	OK	9d766f1f-50c6-4668-bb17-eabebe25e8a7	list returned rows
2026-06-21T04:11:46	20260621-041146-c76f21	list	list	OK	9d766f1f-50c6-4668-bb17-eabebe25e8a7	list returned rows
2026-06-21T04:11:57	20260621-041157-fb35f6	list	list	OK	9d766f1f-50c6-4668-bb17-eabebe25e8a7	list returned rows
2026-06-21T04:12:27	20260621-041227-b4bdd6	list	list	OK	9d766f1f-50c6-4668-bb17-eabebe25e8a7	list returned rows
2026-06-21T04:12:48	20260621-041248-8cd5b5	list	list	OK	9d766f1f-50c6-4668-bb17-eabebe25e8a7	list returned rows
2026-06-21T04:13:02	20260621-041302-243654	list	list	OK	9d766f1f-50c6-4668-bb17-eabebe25e8a7	list returned rows
2026-06-21T04:13:04	20260621-041304-bafb01	list	list	OK	9d766f1f-50c6-4668-bb17-eabebe25e8a7	list returned rows
