=== preview run 20260618-183519-ac841b ===
kind=execute action=validate user=9d766f1f-50c6-4668-bb17-eabebe25e8a7
started=2026-06-18T18:35:19
project=repm
obj=repm_employee
payload_keys=form_no,form_rules_only,header,header_values
  ┌─ TRACEBACK
      Traceback (most recent call last):
        File "/Users/kandarpbaghar/ai-projects/twasta.ai/backend/app/services/preview_logging.py", line 149, in run
          yield run
        File "/Users/kandarpbaghar/ai-projects/twasta.ai/backend/app/routers/livepreview.py", line 559, in _do
          result = executor.execute_action(
                   ^^^^^^^^^^^^^^^^^^^^^^^^
        File "/Users/kandarpbaghar/ai-projects/twasta.ai/backend/app/services/livepreview/executor.py", line 45, in execute_action
          return _pkg_execute_action(
                 ^^^^^^^^^^^^^^^^^^^^
        File "/Users/kandarpbaghar/ai-projects/twasta.ai/packages/runtime-engine/twasta_runtime_engine/executor.py", line 86, in wrapper
          return fn(*args, **kwargs)
                 ^^^^^^^^^^^^^^^^^^^
        File "/Users/kandarpbaghar/ai-projects/twasta.ai/packages/runtime-engine/twasta_runtime_engine/executor.py", line 4970, in execute_action
          raise ValidationFailed(blocking)
      twasta_runtime_engine.executor.ValidationFailed: 2 validation error(s): emp_code: Employee Code must be unique; email: Email must be unique across all employees
  └─
finished=2026-06-18T18:35:19 status=ERROR
