=== preview run 20260617-092658-2dbd69 ===
kind=execute action=validate user=9d766f1f-50c6-4668-bb17-eabebe25e8a7
started=2026-06-17T09:26:58
project=repm
obj=repm_employee
payload_keys=form_no,form_rules_only,header,header_values
  ┌─ TRACEBACK
      Traceback (most recent call last):
        File "/Users/kandarpbaghar/ai-projects/twasta.ai/backend/app/services/preview_logging.py", line 149, in run
          yield run
        File "/Users/kandarpbaghar/ai-projects/twasta.ai/backend/app/routers/livepreview.py", line 559, in _do
          result = executor.execute_action(
                   ^^^^^^^^^^^^^^^^^^^^^^^^
        File "/Users/kandarpbaghar/ai-projects/twasta.ai/backend/app/services/livepreview/executor.py", line 44, in execute_action
          return _pkg_execute_action(
                 ^^^^^^^^^^^^^^^^^^^^
        File "/Users/kandarpbaghar/ai-projects/twasta.ai/packages/runtime-engine/twasta_runtime_engine/executor.py", line 85, in wrapper
          return fn(*args, **kwargs)
                 ^^^^^^^^^^^^^^^^^^^
        File "/Users/kandarpbaghar/ai-projects/twasta.ai/packages/runtime-engine/twasta_runtime_engine/executor.py", line 4645, in execute_action
          raise ValidationFailed(blocking)
      twasta_runtime_engine.executor.ValidationFailed: 1 validation error(s): report_mgr: Validation could not run: business-logic function 'validate_active_manager' is not deployed (no compiled function body found).
  └─
finished=2026-06-17T09:26:58 status=ERROR
